
[1m[30m[46m RUN [49m[39m[22m [36mv4.1.9 [39m[90mC:/Documents/Development/Repositories/sams[39m

[90mstdout[2m | app/(pages)/student-portal/__tests__/page.test.tsx[2m > [22m[2mrenders student portal dashboard and components
[22m[39mFETCH REQUEST: /api/notifications/preferences
FETCH REQUEST: /api/user
FETCH REQUEST: /api/notifications/preferences
FETCH REQUEST: /api/student/info
FETCH REQUEST: /api/student/attendance/summary
FETCH REQUEST: /api/student/attendance/courses
FETCH REQUEST: /api/student/attendance/trends?view=daily
FETCH REQUEST: /api/student/attendance/daily
FETCH REQUEST: /api/student/notifications
FETCH REQUEST: /api/student/appeals

 [31m笶ｯ[39m app/(pages)/student-portal/__tests__/page.test.tsx [2m([22m[2m1 test[22m[2m | [22m[31m1 failed[39m[2m)[22m[33m 1177[2mms[22m[39m
[31m   [31mﾃ・[31m renders student portal dashboard and components[39m[33m 1175[2mms[22m[39m

[2m Test Files [22m [1m[31m1 failed[39m[22m[90m (1)[39m
[2m      Tests [22m [1m[31m1 failed[39m[22m[90m (1)[39m
[2m   Start at [22m 22:21:42
[2m   Duration [22m 2.39s[2m (transform 176ms, setup 98ms, import 277ms, tests 1.18s, environment 690ms)[22m

